// Jest Snapshot v1, https://goo.gl/fbAQLP

exports[`registry is handled correctly 1`] = `
"# ~~ Generated by projen. To modify, edit .projenrc.js and run \\"npx projen\\".

registry=https://my.registry.com/mirror
@company:registry=https://my.registry.com/private
"
`;
