// Jest Snapshot v1, https://goo.gl/fbAQLP

exports[`sample src code synthesises correctly 1`] = `
Object {
  ".eslintrc.json": Object {
    "env": Object {
      "jest": true,
      "node": true,
    },
    "extends": Array [
      "plugin:import/typescript",
    ],
    "ignorePatterns": Array [
      "*.js",
      "*.d.ts",
      "node_modules/",
      "*.generated.ts",
      "coverage",
    ],
    "parser": "@typescript-eslint/parser",
    "parserOptions": Object {
      "ecmaVersion": 2018,
      "project": "./tsconfig.jest.json",
      "sourceType": "module",
    },
    "plugins": Array [
      "@typescript-eslint",
      "import",
    ],
    "root": true,
    "rules": Object {
      "@typescript-eslint/indent": Array [
        "error",
        2,
      ],
      "@typescript-eslint/member-delimiter-style": Array [
        "error",
      ],
      "@typescript-eslint/member-ordering": Array [
        "error",
        Object {
          "default": Array [
            "public-static-field",
            "public-static-method",
            "protected-static-field",
            "protected-static-method",
            "private-static-field",
            "private-static-method",
            "field",
            "constructor",
            "method",
          ],
        },
      ],
      "@typescript-eslint/no-floating-promises": Array [
        "error",
      ],
      "@typescript-eslint/no-require-imports": Array [
        "error",
      ],
      "@typescript-eslint/no-shadow": Array [
        "error",
      ],
      "@typescript-eslint/return-await": Array [
        "error",
      ],
      "array-bracket-newline": Array [
        "error",
        "consistent",
      ],
      "array-bracket-spacing": Array [
        "error",
        "never",
      ],
      "brace-style": Array [
        "error",
        "1tbs",
        Object {
          "allowSingleLine": true,
        },
      ],
      "comma-dangle": Array [
        "error",
        "always-multiline",
      ],
      "comma-spacing": Array [
        "error",
        Object {
          "after": true,
          "before": false,
        },
      ],
      "curly": Array [
        "error",
        "multi-line",
        "consistent",
      ],
      "dot-notation": Array [
        "error",
      ],
      "import/no-extraneous-dependencies": Array [
        "error",
        Object {
          "devDependencies": Array [
            "**/build-tools/**",
            "**/test/**",
          ],
          "optionalDependencies": false,
          "peerDependencies": true,
        },
      ],
      "import/no-unresolved": Array [
        "error",
      ],
      "import/order": Array [
        "warn",
        Object {
          "alphabetize": Object {
            "caseInsensitive": true,
            "order": "asc",
          },
          "groups": Array [
            "builtin",
            "external",
          ],
        },
      ],
      "indent": Array [
        "off",
      ],
      "key-spacing": Array [
        "error",
      ],
      "keyword-spacing": Array [
        "error",
      ],
      "max-len": Array [
        "error",
        Object {
          "code": 150,
          "ignoreComments": true,
          "ignoreRegExpLiterals": true,
          "ignoreStrings": true,
          "ignoreTemplateLiterals": true,
          "ignoreUrls": true,
        },
      ],
      "no-bitwise": Array [
        "error",
      ],
      "no-duplicate-imports": Array [
        "error",
      ],
      "no-multi-spaces": Array [
        "error",
        Object {
          "ignoreEOLComments": false,
        },
      ],
      "no-multiple-empty-lines": Array [
        "error",
      ],
      "no-return-await": Array [
        "off",
      ],
      "no-shadow": Array [
        "off",
      ],
      "no-trailing-spaces": Array [
        "error",
      ],
      "object-curly-newline": Array [
        "error",
        Object {
          "consistent": true,
          "multiline": true,
        },
      ],
      "object-curly-spacing": Array [
        "error",
        "always",
      ],
      "object-property-newline": Array [
        "error",
        Object {
          "allowAllPropertiesOnSameLine": true,
        },
      ],
      "quote-props": Array [
        "error",
        "consistent-as-needed",
      ],
      "quotes": Array [
        "error",
        "single",
        Object {
          "avoidEscape": true,
        },
      ],
      "semi": Array [
        "error",
        "always",
      ],
      "space-before-blocks": Array [
        "error",
      ],
    },
    "settings": Object {
      "import/parsers": Object {
        "@typescript-eslint/parser": Array [
          ".ts",
          ".tsx",
        ],
      },
      "import/resolver": Object {
        "node": Object {},
        "typescript": Object {
          "directory": "./tsconfig.json",
        },
      },
    },
  },
  ".github/dependabot.yml": "# ~~ Generated by projen. To modify, edit .projenrc.js and run \\"npx projen\\".

version: 2
updates:
  - package-ecosystem: npm
    versioning-strategy: lockfile-only
    directory: /
    schedule:
      interval: daily
    ignore:
      - dependency-name: projen
",
  ".github/pull_request_template.md": "Fixes #",
  ".github/workflows/build.yml": "# ~~ Generated by projen. To modify, edit .projenrc.js and run \\"npx projen\\".
name: Build
on:
  pull_request: {}
  workflow_dispatch: {}
jobs:
  build:
    runs-on: ubuntu-latest
    env:
      CI: \\"true\\"
    steps:
      - uses: actions/checkout@v2
      - run: yarn install --frozen-lockfile
      - run: yarn projen
      - name: Anti-tamper check
        run: git diff --exit-code
      - name: Set git identity
        run: |-
          git config user.name \\"Auto-bump\\"
          git config user.email \\"github-actions@github.com\\"
      - run: yarn run build
      - name: Anti-tamper check
        run: git diff --exit-code
",
}
`;
