// Jest Snapshot v1, https://goo.gl/fbAQLP

exports[`creating java project with enum-typed CLI arg 1`] = `
"import io.github.cdklabs.projen.java.JavaProject;
import io.github.cdklabs.projen.java.JavaProjectOptions;
import io.github.cdklabs.projen.ProjectType;

public class projenrc {
    public static void main(String[] args) {
        JavaProject project = new JavaProject(JavaProjectOptions.builder()
            .artifactId(\\"my-app\\")
            .groupId(\\"org.acme\\")
            .name(\\"my-project\\")
            .version(\\"0.1.0\\")
            .projectType(ProjectType.LIB)
            .projenrcJava(true)
            .build());
        project.synth();
    }
}"
`;

exports[`creating node project with enum-typed CLI arg 1`] = `
"const { javascript } = require(\\"projen\\");
const project = new javascript.NodeProject({
  defaultReleaseBranch: \\"main\\",
  name: \\"my-project\\",
  packageManager: javascript.NodePackageManager.NPM,

  // deps: [],                /* Runtime dependencies of this module. */
  // description: undefined,  /* The description is just a string that helps people understand the purpose of the package. */
  // devDeps: [],             /* Build dependencies for this module. */
  // packageName: undefined,  /* The \\"name\\" in package.json. */
  // release: undefined,      /* Add release management to this project. */
});
project.synth();"
`;

exports[`creating python project with enum-typed CLI arg 1`] = `
"from projen.python import PythonProject
from projen import ProjectType

project = PythonProject(
    author_email=\\"my@user.email.com\\",
    author_name=\\"My User Name\\",
    module_name=\\"my_project\\",
    name=\\"my-project\\",
    version=\\"0.1.0\\",
    project_type=ProjectType.LIB,
    projenrc_python=True,
);

project.synth();"
`;

exports[`projen new awscdk-app-java 1`] = `
Object {
  "src/test/java/projenrc.java": "import io.github.cdklabs.projen.awscdk.AwsCdkJavaApp;
import io.github.cdklabs.projen.awscdk.AwsCdkJavaAppOptions;

public class projenrc {
    public static void main(String[] args) {
        AwsCdkJavaApp project = new AwsCdkJavaApp(AwsCdkJavaAppOptions.builder()
            .artifactId(\\"my-app\\")
            .cdkVersion(\\"^1.130.0\\")
            .groupId(\\"org.acme\\")
            .mainClass(\\"org.acme.App\\")
            .name(\\"my-project\\")
            .version(\\"0.1.0\\")
            .build());
        project.synth();
    }
}",
}
`;

exports[`projen new awscdk-app-ts 1`] = `
Object {
  ".projenrc.js": "const { awscdk } = require(\\"projen\\");
const project = new awscdk.AwsCdkTypeScriptApp({
  cdkVersion: \\"1.129.0\\",
  defaultReleaseBranch: \\"main\\",
  name: \\"my-project\\",

  // cdkDependencies: undefined,  /* Which AWS CDK modules (those that start with \\"@aws-cdk/\\") this app uses. */
  // deps: [],                    /* Runtime dependencies of this module. */
  // description: undefined,      /* The description is just a string that helps people understand the purpose of the package. */
  // devDeps: [],                 /* Build dependencies for this module. */
  // packageName: undefined,      /* The \\"name\\" in package.json. */
  // release: undefined,          /* Add release management to this project. */
});
project.synth();",
}
`;

exports[`projen new awscdk-construct 1`] = `
Object {
  ".projenrc.js": "const { awscdk } = require(\\"projen\\");
const project = new awscdk.AwsCdkConstructLibrary({
  author: \\"My User Name\\",
  authorAddress: \\"my@user.email.com\\",
  cdkVersion: \\"2.0.0\\",
  defaultReleaseBranch: \\"main\\",
  name: \\"my-project\\",
  repositoryUrl: \\"git@boom.com:foo/bar.git\\",

  // deps: [],                /* Runtime dependencies of this module. */
  // description: undefined,  /* The description is just a string that helps people understand the purpose of the package. */
  // devDeps: [],             /* Build dependencies for this module. */
  // packageName: undefined,  /* The \\"name\\" in package.json. */
  // release: undefined,      /* Add release management to this project. */
});
project.synth();",
}
`;

exports[`projen new cdk8s-app-ts 1`] = `
Object {
  ".projenrc.js": "const { cdk8s } = require(\\"projen\\");
const project = new cdk8s.Cdk8sTypeScriptApp({
  cdk8sVersion: \\"1.0.0-beta.10\\",
  defaultReleaseBranch: \\"main\\",
  name: \\"my-project\\",

  // deps: [],                /* Runtime dependencies of this module. */
  // description: undefined,  /* The description is just a string that helps people understand the purpose of the package. */
  // devDeps: [],             /* Build dependencies for this module. */
  // packageName: undefined,  /* The \\"name\\" in package.json. */
  // release: undefined,      /* Add release management to this project. */
});
project.synth();",
}
`;

exports[`projen new cdk8s-construct 1`] = `
Object {
  ".projenrc.js": "const { cdk8s } = require(\\"projen\\");
const project = new cdk8s.ConstructLibraryCdk8s({
  author: \\"My User Name\\",
  authorAddress: \\"my@user.email.com\\",
  cdk8sVersion: \\"1.0.0-beta.10\\",
  defaultReleaseBranch: \\"main\\",
  name: \\"my-project\\",
  repositoryUrl: \\"git@boom.com:foo/bar.git\\",

  // deps: [],                /* Runtime dependencies of this module. */
  // description: undefined,  /* The description is just a string that helps people understand the purpose of the package. */
  // devDeps: [],             /* Build dependencies for this module. */
  // packageName: undefined,  /* The \\"name\\" in package.json. */
  // release: undefined,      /* Add release management to this project. */
});
project.synth();",
}
`;

exports[`projen new cdktf-construct 1`] = `
Object {
  ".projenrc.js": "const { cdktf } = require(\\"projen\\");
const project = new cdktf.ConstructLibraryCdktf({
  author: \\"My User Name\\",
  authorAddress: \\"my@user.email.com\\",
  cdktfVersion: \\"0.4.0\\",
  defaultReleaseBranch: \\"main\\",
  name: \\"my-project\\",
  repositoryUrl: \\"git@boom.com:foo/bar.git\\",

  // deps: [],                /* Runtime dependencies of this module. */
  // description: undefined,  /* The description is just a string that helps people understand the purpose of the package. */
  // devDeps: [],             /* Build dependencies for this module. */
  // packageName: undefined,  /* The \\"name\\" in package.json. */
  // release: undefined,      /* Add release management to this project. */
});
project.synth();",
}
`;

exports[`projen new java 1`] = `
Object {
  "src/test/java/projenrc.java": "import io.github.cdklabs.projen.java.JavaProject;
import io.github.cdklabs.projen.java.JavaProjectOptions;

public class projenrc {
    public static void main(String[] args) {
        JavaProject project = new JavaProject(JavaProjectOptions.builder()
            .artifactId(\\"my-app\\")
            .groupId(\\"org.acme\\")
            .name(\\"my-project\\")
            .version(\\"0.1.0\\")
            .build());
        project.synth();
    }
}",
}
`;

exports[`projen new jsii 1`] = `
Object {
  ".projenrc.js": "const { cdk } = require(\\"projen\\");
const project = new cdk.JsiiProject({
  author: \\"My User Name\\",
  authorAddress: \\"my@user.email.com\\",
  defaultReleaseBranch: \\"main\\",
  name: \\"my-project\\",
  repositoryUrl: \\"git@boom.com:foo/bar.git\\",

  // deps: [],                /* Runtime dependencies of this module. */
  // description: undefined,  /* The description is just a string that helps people understand the purpose of the package. */
  // devDeps: [],             /* Build dependencies for this module. */
  // packageName: undefined,  /* The \\"name\\" in package.json. */
  // release: undefined,      /* Add release management to this project. */
});
project.synth();",
}
`;

exports[`projen new nextjs 1`] = `
Object {
  ".projenrc.js": "const { web } = require(\\"projen\\");
const project = new web.NextJsProject({
  defaultReleaseBranch: \\"main\\",
  name: \\"my-project\\",

  // deps: [],                /* Runtime dependencies of this module. */
  // description: undefined,  /* The description is just a string that helps people understand the purpose of the package. */
  // devDeps: [],             /* Build dependencies for this module. */
  // packageName: undefined,  /* The \\"name\\" in package.json. */
  // release: undefined,      /* Add release management to this project. */
  // tailwind: true,          /* Setup Tailwind CSS as a PostCSS plugin. */
});
project.synth();",
}
`;

exports[`projen new nextjs-ts 1`] = `
Object {
  ".projenrc.js": "const { web } = require(\\"projen\\");
const project = new web.NextJsTypeScriptProject({
  defaultReleaseBranch: \\"main\\",
  name: \\"my-project\\",

  // deps: [],                /* Runtime dependencies of this module. */
  // description: undefined,  /* The description is just a string that helps people understand the purpose of the package. */
  // devDeps: [],             /* Build dependencies for this module. */
  // packageName: undefined,  /* The \\"name\\" in package.json. */
  // release: undefined,      /* Add release management to this project. */
  // tailwind: true,          /* Setup Tailwind CSS as a PostCSS plugin. */
});
project.synth();",
}
`;

exports[`projen new node --outdir path/to/mydir 1`] = `
"const { javascript } = require(\\"projen\\");
const project = new javascript.NodeProject({
  defaultReleaseBranch: \\"main\\",
  name: \\"my-project\\",

  // deps: [],                /* Runtime dependencies of this module. */
  // description: undefined,  /* The description is just a string that helps people understand the purpose of the package. */
  // devDeps: [],             /* Build dependencies for this module. */
  // packageName: undefined,  /* The \\"name\\" in package.json. */
  // release: undefined,      /* Add release management to this project. */
});
project.synth();"
`;

exports[`projen new node 1`] = `
Object {
  ".projenrc.js": "const { javascript } = require(\\"projen\\");
const project = new javascript.NodeProject({
  defaultReleaseBranch: \\"main\\",
  name: \\"my-project\\",

  // deps: [],                /* Runtime dependencies of this module. */
  // description: undefined,  /* The description is just a string that helps people understand the purpose of the package. */
  // devDeps: [],             /* Build dependencies for this module. */
  // packageName: undefined,  /* The \\"name\\" in package.json. */
  // release: undefined,      /* Add release management to this project. */
});
project.synth();",
}
`;

exports[`projen new project 1`] = `Object {}`;

exports[`projen new python 1`] = `
Object {
  ".projenrc.js": "const { python } = require(\\"projen\\");
const project = new python.PythonProject({
  authorEmail: \\"my@user.email.com\\",
  authorName: \\"My User Name\\",
  moduleName: \\"my_project\\",
  name: \\"my-project\\",
  version: \\"0.1.0\\",

  // deps: [],                /* List of runtime dependencies for this project. */
  // description: undefined,  /* A short description of the package. */
  // devDeps: [],             /* List of dev dependencies for this project. */
  // pip: true,               /* Use pip with a requirements.txt file to track project dependencies. */
  // poetry: false,           /* Use poetry to manage your project dependencies, virtual environment, and (optional) packaging/publishing. */
  // pytest: true,            /* Include pytest tests. */
  // setuptools: undefined,   /* Use setuptools with a setup.py script for packaging and publishing. */
  // venv: true,              /* Use venv to manage a virtual environment for installing dependencies inside. */
});
project.synth();",
}
`;

exports[`projen new react 1`] = `
Object {
  ".projenrc.js": "const { web } = require(\\"projen\\");
const project = new web.ReactProject({
  defaultReleaseBranch: \\"main\\",
  name: \\"my-project\\",

  // deps: [],                /* Runtime dependencies of this module. */
  // description: undefined,  /* The description is just a string that helps people understand the purpose of the package. */
  // devDeps: [],             /* Build dependencies for this module. */
  // packageName: undefined,  /* The \\"name\\" in package.json. */
  // release: undefined,      /* Add release management to this project. */
});
project.synth();",
}
`;

exports[`projen new react-ts 1`] = `
Object {
  ".projenrc.js": "const { web } = require(\\"projen\\");
const project = new web.ReactTypeScriptProject({
  defaultReleaseBranch: \\"main\\",
  name: \\"my-project\\",

  // deps: [],                /* Runtime dependencies of this module. */
  // description: undefined,  /* The description is just a string that helps people understand the purpose of the package. */
  // devDeps: [],             /* Build dependencies for this module. */
  // packageName: undefined,  /* The \\"name\\" in package.json. */
  // release: undefined,      /* Add release management to this project. */
});
project.synth();",
}
`;

exports[`projen new typescript 1`] = `
Object {
  ".projenrc.js": "const { typescript } = require(\\"projen\\");
const project = new typescript.TypeScriptProject({
  defaultReleaseBranch: \\"main\\",
  name: \\"my-project\\",

  // deps: [],                /* Runtime dependencies of this module. */
  // description: undefined,  /* The description is just a string that helps people understand the purpose of the package. */
  // devDeps: [],             /* Build dependencies for this module. */
  // packageName: undefined,  /* The \\"name\\" in package.json. */
  // release: undefined,      /* Add release management to this project. */
});
project.synth();",
}
`;

exports[`projen new typescript-app 1`] = `
Object {
  ".projenrc.js": "const { typescript } = require(\\"projen\\");
const project = new typescript.TypeScriptAppProject({
  defaultReleaseBranch: \\"main\\",
  name: \\"my-project\\",

  // deps: [],                /* Runtime dependencies of this module. */
  // description: undefined,  /* The description is just a string that helps people understand the purpose of the package. */
  // devDeps: [],             /* Build dependencies for this module. */
  // packageName: undefined,  /* The \\"name\\" in package.json. */
  // release: undefined,      /* Add release management to this project. */
});
project.synth();",
}
`;

exports[`projenrc-json creates node-project 1`] = `
Object {
  "defaultReleaseBranch": "main",
  "name": "my-project",
  "projenrcJson": true,
  "type": "projen.javascript.NodeProject",
}
`;

exports[`projenrc-ts creates typescript projenrc 1`] = `
"import { typescript } from \\"projen\\";
const project = new typescript.TypeScriptProject({
  defaultReleaseBranch: \\"main\\",
  name: \\"my-project\\",
  projenrcTs: true,

  // deps: [],                /* Runtime dependencies of this module. */
  // description: undefined,  /* The description is just a string that helps people understand the purpose of the package. */
  // devDeps: [],             /* Build dependencies for this module. */
  // packageName: undefined,  /* The \\"name\\" in package.json. */
  // release: undefined,      /* Add release management to this project. */
});
project.synth();"
`;
