// Jest Snapshot v1, https://goo.gl/fbAQLP

exports[`the "--rc" option can be used to specify projenrc location 1`] = `
Object {
  ".gitignore": "# ~~ Generated by projen. To modify, edit .projenrc.js and run \\"npx projen\\".
node_modules/
!/.projen/tasks.json
!/.projen/deps.json",
  ".projen/deps.json": Object {
    "//": "~~ Generated by projen. To modify, edit .projenrc.js and run \\"npx projen\\".",
  },
  ".projen/tasks.json": Object {
    "//": "~~ Generated by projen. To modify, edit .projenrc.js and run \\"npx projen\\".",
    "tasks": Object {
      "clobber": Object {
        "category": "30.maintain",
        "condition": "git diff --exit-code > /dev/null",
        "description": "hard resets to HEAD of origin and cleans the local repo",
        "env": Object {
          "BRANCH": "$(git branch --show-current)",
        },
        "name": "clobber",
        "steps": Array [
          Object {
            "exec": "git checkout -b scratch",
            "name": "save current HEAD in \\"scratch\\" branch",
          },
          Object {
            "exec": "git checkout $BRANCH",
          },
          Object {
            "exec": "git fetch origin",
            "name": "fetch latest changes from origin",
          },
          Object {
            "exec": "git reset --hard origin/$BRANCH",
            "name": "hard reset to origin commit",
          },
          Object {
            "exec": "git clean -fdx",
            "name": "clean all untracked files",
          },
          Object {
            "say": "ready to rock! (unpushed commits are under the \\"scratch\\" branch)",
          },
        ],
      },
    },
  },
  "README.md": "# replace this",
}
`;
