// Jest Snapshot v1, https://goo.gl/fbAQLP

exports[`node lambda construct source code is created 1`] = `
"// ~~ Generated by projen. To modify, edit .projenrc.js and run \\"npx projen\\".
import * as path from 'path';
import * as lambda from '@aws-cdk/aws-lambda';
import { Construct } from 'constructs';

export interface ConstructProps extends lambda.FunctionOptions {
}

export class Construct extends lambda.Function {
  constructor(scope: Construct, id: string, props: ConstructProps = {}) {
    super(scope, id, {
      runtime: lambda.Runtime.NODEJS_14_X,
      handler: 'index.handler',
      code: lambda.Code.fromAsset(path.join(__dirname, '/handlerdir')),
      ...props,
    });
  }
}"
`;
