// Jest Snapshot v1, https://goo.gl/fbAQLP

exports[`simplest LambdaExtension cdk v2 1`] = `
"// ~~ Generated by projen. To modify, edit .projenrc.js and run \\"npx projen\\".
import * as path from 'path';
import * as lambda from 'aws-cdk-lib/aws-lambda';
import { Construct } from 'constructs';

/**
 * Props for ExampleLayerVersion
 */
export interface ExampleLayerVersionProps extends lambda.LayerVersionOptions {
}

/**
 * An AWS Lambda Layer
 */
export class ExampleLayerVersion extends lambda.LayerVersion {
  constructor(scope: Construct, id: string, props?: ExampleLayerVersionProps) {
    super(scope, id, {
      description: '\`example\` lambda extension from src/example.lambda-extension.ts',
      ...props,
      compatibleRuntimes: [
        lambda.Runtime.NODEJS_12_X,
        lambda.Runtime.NODEJS_14_X,
      ],
      code: lambda.Code.fromAsset(path.join(__dirname,
        '../assets/example.lambda-extension')),
    });
  }
}"
`;
