// Jest Snapshot v1, https://goo.gl/fbAQLP

exports[`create cdk python project 1`] = `
Object {
  "//": "~~ Generated by projen. To modify, edit .projenrc.js and run \\"npx projen\\".",
  "app": "python app.py",
  "context": Object {
    "@aws-cdk-containers/ecs-service-extensions:enableDefaultLogDriver": true,
    "@aws-cdk/aws-apigateway:usagePlanKeyOrderInsensitiveId": true,
    "@aws-cdk/aws-cloudfront:defaultSecurityPolicyTLSv1.2_2021": true,
    "@aws-cdk/aws-lambda:recognizeVersionProps": true,
    "@aws-cdk/aws-rds:lowercaseDbIdentifier": true,
    "@aws-cdk/core:stackRelativeExports": true,
    "@aws-cdk/core:target-partitions": Array [
      "aws",
      "aws-cn",
    ],
  },
  "output": "cdk.out",
  "watch": Object {
    "exclude": Array [
      "README.md",
      "cdk*.json",
      "requirements*.txt",
      "source.bat",
      "**/__init__.py",
      "python/__pycache__",
      "tests",
    ],
    "include": Array [
      "**",
    ],
  },
}
`;
