// Jest Snapshot v1, https://goo.gl/fbAQLP

exports[`generate projenrc in python 1`] = `
"from projen.python import PythonProject

project = PythonProject();

project.synth();"
`;

exports[`javascript values are translated to python 1`] = `
"from projen.python import PythonProject

project = PythonProject(
    string_arg=\\"hello\\",
    int_arg=123,
    float_arg=123.45,
    boolean_arg=False,
    undefined_arg=None,
    null_arg=None,
    object_arg={\\"foo\\":\\"bar\\"},
);

project.synth();"
`;

exports[`projenrc.py support 1`] = `
Object {
  ".gitattributes": "# ~~ Generated by projen. To modify, edit .projenrc.js and run \\"npx projen\\".

/.gitattributes	linguist-generated
/.projen/      	linguist-generated",
  ".gitignore": "# ~~ Generated by projen. To modify, edit .projenrc.js and run \\"npx projen\\".
node_modules/
!/.gitattributes
!/.projen/deps.json
!/.projen/tasks.json
",
  ".projen/deps.json": Object {
    "//": "~~ Generated by projen. To modify, edit .projenrc.js and run \\"npx projen\\".",
    "dependencies": Array [
      Object {
        "name": "projen",
        "type": "devenv",
        "version": "1.2.3",
      },
    ],
  },
  ".projen/tasks.json": Object {
    "//": "~~ Generated by projen. To modify, edit .projenrc.js and run \\"npx projen\\".",
    "tasks": Object {
      "default": Object {
        "description": "Synthesize the project",
        "name": "default",
        "steps": Array [
          Object {
            "exec": "python projenrc.py",
          },
        ],
      },
    },
  },
  "README.md": "# replace this",
}
`;
