// Jest Snapshot v1, https://goo.gl/fbAQLP

exports[`configuration 1`] = `
"# ~~ Generated by projen. To modify, edit .projenrc.js and run \\"npx projen\\".

definitions:
  services: {}
  caches:
    foo: foobar
pipelines:
  default:
    - step:
        name: test
        script:
          - ls -al
          - pipe: foofoo
  branches: {}
  tags: {}
  bookmarks: {}
  pullRequests: {}
  custom: {}
"
`;
