// Jest Snapshot v1, https://goo.gl/fbAQLP

exports[`generate projenrc in java 1`] = `
"import org.projen.java.JavaProject;
import org.projen.java.JavaProjectOptions;

public class projenrc {
    public static void main(String[] args) {
        JavaProject project = new JavaProject();
        project.synth();
    }
}"
`;

exports[`projenrc.java support 1`] = `
Object {
  ".gitattributes": "# ~~ Generated by projen. To modify, edit .projenrc.js and run \\"npx projen\\".

/.gitattributes	linguist-generated
/.projen/      	linguist-generated
/pom.xml       	linguist-generated",
  ".gitignore": "# ~~ Generated by projen. To modify, edit .projenrc.js and run \\"npx projen\\".
node_modules/
!/.gitattributes
!/.projen/deps.json
!/.projen/tasks.json
!/pom.xml
",
  ".projen/deps.json": Object {
    "//": "~~ Generated by projen. To modify, edit .projenrc.js and run \\"npx projen\\".",
    "dependencies": Array [
      Object {
        "name": "org.codehaus.mojo/exec-maven-plugin",
        "type": "build",
        "version": "3.0.0",
      },
      Object {
        "name": "com.github.eladb/projen",
        "type": "test",
        "version": "1.0.0",
      },
    ],
  },
  ".projen/tasks.json": Object {
    "//": "~~ Generated by projen. To modify, edit .projenrc.js and run \\"npx projen\\".",
    "tasks": Object {
      "default": Object {
        "description": "Synthesize the project",
        "name": "default",
        "steps": Array [
          Object {
            "exec": "mvn compiler:testCompile --quiet",
          },
          Object {
            "exec": "mvn exec:java --quiet -Dexec.mainClass=projenrc -Dexec.classpathScope=\\"test\\"",
          },
        ],
      },
    },
  },
  "README.md": "# replace this",
  "pom.xml": "<?xml version=\\"1.0\\" encoding=\\"UTF-8\\"?>
<project xsi:schemaLocation=\\"http://maven.apache.org/POM/4.0.0 http://maven.apache.org/xsd/maven-4.0.0.xsd\\" xmlns=\\"http://maven.apache.org/POM/4.0.0\\" xmlns:xsi=\\"http://www.w3.org/2001/XMLSchema-instance\\">
    <modelVersion>4.0.0</modelVersion>
    <groupId>my.group.id</groupId>
    <artifactId>hello-world</artifactId>
    <version>1.2.3</version>
    <packaging>jar</packaging>
    <name>my-project</name>
    <build>
        <plugins>
            <plugin>
                <groupId>org.codehaus.mojo</groupId>
                <artifactId>exec-maven-plugin</artifactId>
                <version>3.0.0</version>
            </plugin>
        </plugins>
    </build>
    <dependencies>
        <dependency>
            <groupId>com.github.eladb</groupId>
            <artifactId>projen</artifactId>
            <version>1.0.0</version>
            <scope>test</scope>
        </dependency>
    </dependencies>
</project>
<!-- ~~ Generated by projen. To modify, edit .projenrc.js and run \\"npx projen\\". -->",
}
`;

exports[`set the class name 1`] = `
Object {
  ".gitattributes": "# ~~ Generated by projen. To modify, edit .projenrc.js and run \\"npx projen\\".

/.gitattributes	linguist-generated
/.projen/      	linguist-generated
/pom.xml       	linguist-generated",
  ".gitignore": "# ~~ Generated by projen. To modify, edit .projenrc.js and run \\"npx projen\\".
node_modules/
!/.gitattributes
!/.projen/deps.json
!/.projen/tasks.json
!/pom.xml
",
  ".projen/deps.json": Object {
    "//": "~~ Generated by projen. To modify, edit .projenrc.js and run \\"npx projen\\".",
    "dependencies": Array [
      Object {
        "name": "org.codehaus.mojo/exec-maven-plugin",
        "type": "build",
        "version": "3.0.0",
      },
      Object {
        "name": "com.github.eladb/projen",
        "type": "test",
        "version": "7.7.7",
      },
    ],
  },
  ".projen/tasks.json": Object {
    "//": "~~ Generated by projen. To modify, edit .projenrc.js and run \\"npx projen\\".",
    "tasks": Object {
      "default": Object {
        "description": "Synthesize the project",
        "name": "default",
        "steps": Array [
          Object {
            "exec": "mvn compiler:testCompile --quiet",
          },
          Object {
            "exec": "mvn exec:java --quiet -Dexec.mainClass=boom.bam.projenrc -Dexec.classpathScope=\\"test\\"",
          },
        ],
      },
    },
  },
  "README.md": "# replace this",
  "pom.xml": "<?xml version=\\"1.0\\" encoding=\\"UTF-8\\"?>
<project xsi:schemaLocation=\\"http://maven.apache.org/POM/4.0.0 http://maven.apache.org/xsd/maven-4.0.0.xsd\\" xmlns=\\"http://maven.apache.org/POM/4.0.0\\" xmlns:xsi=\\"http://www.w3.org/2001/XMLSchema-instance\\">
    <modelVersion>4.0.0</modelVersion>
    <groupId>my.group.id</groupId>
    <artifactId>hello-world</artifactId>
    <version>1.2.3</version>
    <packaging>jar</packaging>
    <name>my-project</name>
    <build>
        <plugins>
            <plugin>
                <groupId>org.codehaus.mojo</groupId>
                <artifactId>exec-maven-plugin</artifactId>
                <version>3.0.0</version>
            </plugin>
        </plugins>
    </build>
    <dependencies>
        <dependency>
            <groupId>com.github.eladb</groupId>
            <artifactId>projen</artifactId>
            <version>7.7.7</version>
            <scope>test</scope>
        </dependency>
    </dependencies>
</project>
<!-- ~~ Generated by projen. To modify, edit .projenrc.js and run \\"npx projen\\". -->",
}
`;

exports[`use a non-test scope 1`] = `
Object {
  ".gitattributes": "# ~~ Generated by projen. To modify, edit .projenrc.js and run \\"npx projen\\".

/.gitattributes	linguist-generated
/.projen/      	linguist-generated
/pom.xml       	linguist-generated",
  ".gitignore": "# ~~ Generated by projen. To modify, edit .projenrc.js and run \\"npx projen\\".
node_modules/
!/.gitattributes
!/.projen/deps.json
!/.projen/tasks.json
!/pom.xml
",
  ".projen/deps.json": Object {
    "//": "~~ Generated by projen. To modify, edit .projenrc.js and run \\"npx projen\\".",
    "dependencies": Array [
      Object {
        "name": "org.codehaus.mojo/exec-maven-plugin",
        "type": "build",
        "version": "3.0.0",
      },
      Object {
        "name": "com.github.eladb/projen",
        "type": "runtime",
        "version": "7.7.7",
      },
    ],
  },
  ".projen/tasks.json": Object {
    "//": "~~ Generated by projen. To modify, edit .projenrc.js and run \\"npx projen\\".",
    "tasks": Object {
      "default": Object {
        "description": "Synthesize the project",
        "name": "default",
        "steps": Array [
          Object {
            "exec": "mvn compiler:compile --quiet",
          },
          Object {
            "exec": "mvn exec:java --quiet -Dexec.mainClass=projenrc",
          },
        ],
      },
    },
  },
  "README.md": "# replace this",
  "pom.xml": "<?xml version=\\"1.0\\" encoding=\\"UTF-8\\"?>
<project xsi:schemaLocation=\\"http://maven.apache.org/POM/4.0.0 http://maven.apache.org/xsd/maven-4.0.0.xsd\\" xmlns=\\"http://maven.apache.org/POM/4.0.0\\" xmlns:xsi=\\"http://www.w3.org/2001/XMLSchema-instance\\">
    <modelVersion>4.0.0</modelVersion>
    <groupId>my.group.id</groupId>
    <artifactId>hello-world</artifactId>
    <version>1.2.3</version>
    <packaging>jar</packaging>
    <name>my-project</name>
    <build>
        <plugins>
            <plugin>
                <groupId>org.codehaus.mojo</groupId>
                <artifactId>exec-maven-plugin</artifactId>
                <version>3.0.0</version>
            </plugin>
        </plugins>
    </build>
    <dependencies>
        <dependency>
            <groupId>com.github.eladb</groupId>
            <artifactId>projen</artifactId>
            <version>7.7.7</version>
        </dependency>
    </dependencies>
</project>
<!-- ~~ Generated by projen. To modify, edit .projenrc.js and run \\"npx projen\\". -->",
}
`;
