// Jest Snapshot v1, https://goo.gl/fbAQLP

exports[`minimal case 1`] = `
"# ~~ Generated by projen. To modify, edit .projenrc.js and run \\"npx projen\\".

tasks:
  build:
    name: build
    description: Full release build
    steps:
      - spawn: default
      - spawn: pre-compile
      - spawn: compile
      - spawn: post-compile
      - spawn: test
      - spawn: package
  builtin:
    name: builtin
    steps:
      - builtin: builtin-example
  compile:
    name: compile
    description: Only compile
  cond:
    name: cond
    steps:
      - exec: echo cond_step1
      - exec: echo cond_step2
    condition: echo evaluating_condition
  default:
    name: default
    description: Synthesize project files
  eject:
    name: eject
    description: Remove projen from the project
    env:
      PROJEN_EJECTING: \\"true\\"
    steps:
      - spawn: default
  package:
    name: package
    description: Creates the distribution package
  post-compile:
    name: post-compile
    description: Runs after successful compilation
  pre-compile:
    name: pre-compile
    description: Prepare the project for compilation
  pwd:
    name: pwd
    steps:
      - exec: echo pwd_step1=$PWD
      - exec: echo pwd_step2=$PWD
    cwd: /tmp/projen.k2A86u/mypwd
  regular:
    name: regular
    steps:
      - exec: echo regular_step1
      - exec: echo regular_step2
      - exec: echo regular_step3
  say:
    name: say
    steps:
      - say: hello, world
  test:
    name: test
    description: Run tests
"
`;
